../Core/Src/main.c:76:6:MAX7219_Send	24	static
../Core/Src/main.c:88:5:max_write	32	static
../Core/Src/main.c:116:6:MAX7219_Init	24	static
../Core/Src/main.c:134:5:get_orientation_state	24	static
../Core/Src/main.c:162:6:source_sink	32	static
../Core/Src/main.c:189:6:pack_data	24	static
../Core/Src/main.c:203:6:copy_world	16	static
../Core/Src/main.c:212:6:swap_world	16	static
../Core/Src/main.c:221:6:flush_to_max7219	16	static
../Core/Src/main.c:230:6:check_inbound	16	static
../Core/Src/main.c:242:6:check_inbound_state0upper	16	static
../Core/Src/main.c:250:6:check_inbound_state0below	16	static
../Core/Src/main.c:266:6:can_move_to	16	static
../Core/Src/main.c:272:6:can_move_to_state0upper	16	static
../Core/Src/main.c:278:6:can_move_to_state0below	16	static
../Core/Src/main.c:294:6:set_gravity_by_state	16	static
../Core/Src/main.c:332:6:move_particle	48	static
../Core/Src/main.c:374:6:move_particle_state0upper	40	static
../Core/Src/main.c:416:6:move_particle_state2upper	40	static
../Core/Src/main.c:457:6:move_particle_state0below	48	static
../Core/Src/main.c:498:6:move_particle_state2below	48	static
../Core/Src/main.c:552:6:Update_State_0_Down	24	static
../Core/Src/main.c:571:6:Update_State_2_Up	24	static
../Core/Src/main.c:585:6:Update_State_1_Right	16	static
../Core/Src/main.c:593:6:Update_State_3_Left	16	static
../Core/Src/main.c:606:6:Update_World	16	static
../Core/Src/main.c:651:5:main	40	static
../Core/Src/main.c:767:6:SystemClock_Config	72	static
../Core/Src/main.c:809:6:Error_Handler	4	static,ignoring_inline_asm
